[2025-11-23T18:27:52.876-0500] {taskinstance.py:1159} INFO - Dependencies all met for dep_context=non-requeueable deps ti=<TaskInstance: pitchquest_video_analysis.preprocess manual__2025-11-23T22:47:11.978179+00:00 [queued]>
[2025-11-23T18:27:52.883-0500] {taskinstance.py:1159} INFO - Dependencies all met for dep_context=requeueable deps ti=<TaskInstance: pitchquest_video_analysis.preprocess manual__2025-11-23T22:47:11.978179+00:00 [queued]>
[2025-11-23T18:27:52.884-0500] {taskinstance.py:1361} INFO - Starting attempt 4 of 5
[2025-11-23T18:27:52.901-0500] {taskinstance.py:1382} INFO - Executing <Task(PythonOperator): preprocess> on 2025-11-23 22:47:11.978179+00:00
[2025-11-23T18:27:52.922-0500] {standard_task_runner.py:57} INFO - Started process 31368 to run task
[2025-11-23T18:27:52.935-0500] {standard_task_runner.py:84} INFO - Running: ['airflow', 'tasks', 'run', 'pitchquest_video_analysis', 'preprocess', 'manual__2025-11-23T22:47:11.978179+00:00', '--job-id', '12', '--raw', '--subdir', 'DAGS_FOLDER/pitch_analysis_dag.py', '--cfg-path', '/var/folders/lt/0tmqqyzd7jxghlrbbfn1p7l40000gn/T/tmpje2bh_1x']
[2025-11-23T18:27:52.937-0500] {standard_task_runner.py:85} INFO - Job 12: Subtask preprocess
[2025-11-23T18:27:52.982-0500] {task_command.py:416} INFO - Running <TaskInstance: pitchquest_video_analysis.preprocess manual__2025-11-23T22:47:11.978179+00:00 [running]> on host salmans-macbook-air.local
[2025-11-23T18:27:53.034-0500] {taskinstance.py:1662} INFO - Exporting env vars: AIRFLOW_CTX_DAG_OWNER='pitchquest' AIRFLOW_CTX_DAG_ID='pitchquest_video_analysis' AIRFLOW_CTX_TASK_ID='preprocess' AIRFLOW_CTX_EXECUTION_DATE='2025-11-23T22:47:11.978179+00:00' AIRFLOW_CTX_TRY_NUMBER='4' AIRFLOW_CTX_DAG_RUN_ID='manual__2025-11-23T22:47:11.978179+00:00'
[2025-11-23T18:27:53.036-0500] {pitch_analysis_dag.py:50} INFO - Starting preprocessing for video: demo_video_1
[2025-11-23T18:27:53.037-0500] {preprocessing.py:50} INFO - Extracting frames from data/input/demo_video_1.mp4 (1 frame per 2s)
[2025-11-23T18:27:53.154-0500] {preprocessing.py:62} INFO - Video: 21.5s, 30.0 fps, 646 total frames
[2025-11-23T18:27:53.601-0500] {preprocessing.py:83} INFO - Reached max frames limit (10)
[2025-11-23T18:27:53.606-0500] {preprocessing.py:93} INFO - âœ… Extracted 10 frames to /var/folders/lt/0tmqqyzd7jxghlrbbfn1p7l40000gn/T/frames_test_video_youweet0
[2025-11-23T18:27:53.607-0500] {preprocessing.py:142} INFO - Extracting audio from data/input/demo_video_1.mp4
[2025-11-23T18:27:53.609-0500] {preprocessing.py:191} ERROR - Audio extraction failed: run() got an unexpected keyword argument 'timeout'
[2025-11-23T18:27:53.610-0500] {pitch_analysis_dag.py:70} ERROR - Preprocessing failed: Audio extraction failed: run() got an unexpected keyword argument 'timeout'
[2025-11-23T18:27:53.611-0500] {taskinstance.py:1937} ERROR - Task failed with exception
Traceback (most recent call last):
  File "/Users/salmanbey/Documents/Northeastern /Fall 2025/MLOPS/airflow_pipeline/pipeline/preprocessing.py", line 158, in extract_audio
    ffmpeg.run(
TypeError: run() got an unexpected keyword argument 'timeout'

During handling of the above exception, another exception occurred:

Traceback (most recent call last):
  File "/Users/salmanbey/Documents/Northeastern /Fall 2025/MLOPS/airflow_pipeline/venv/lib/python3.10/site-packages/airflow/operators/python.py", line 192, in execute
    return_value = self.execute_callable()
  File "/Users/salmanbey/Documents/Northeastern /Fall 2025/MLOPS/airflow_pipeline/venv/lib/python3.10/site-packages/airflow/operators/python.py", line 209, in execute_callable
    return self.python_callable(*self.op_args, **self.op_kwargs)
  File "/Users/salmanbey/Documents/Northeastern /Fall 2025/MLOPS/airflow_pipeline/dags/pitch_analysis_dag.py", line 57, in preprocess_task
    audio_result = extract_audio(video_path, **context)
  File "/Users/salmanbey/Documents/Northeastern /Fall 2025/MLOPS/airflow_pipeline/pipeline/preprocessing.py", line 192, in extract_audio
    raise PipelineError(f"Audio extraction failed: {e}")
utils.error_handlers.PipelineError: Audio extraction failed: run() got an unexpected keyword argument 'timeout'
[2025-11-23T18:27:53.621-0500] {taskinstance.py:1400} INFO - Marking task as UP_FOR_RETRY. dag_id=pitchquest_video_analysis, task_id=preprocess, execution_date=20251123T224711, start_date=20251123T232752, end_date=20251123T232753
[2025-11-23T18:27:53.634-0500] {standard_task_runner.py:104} ERROR - Failed to execute job 12 for task preprocess (Audio extraction failed: run() got an unexpected keyword argument 'timeout'; 31368)
[2025-11-23T18:27:53.670-0500] {local_task_job_runner.py:228} INFO - Task exited with return code 1
[2025-11-23T18:27:53.690-0500] {taskinstance.py:2778} INFO - 0 downstream tasks scheduled from follow-on schedule check
